
> ptit_jobs_clone@0.0.0 build
> vite build

[36mvite v7.3.1 [32mbuilding client environment for production...[36m[39m
transforming...
[32mΓ£ô[39m 1746 modules transformed.
rendering chunks...
computing gzip size...
[2mdist/[22m[32mindex.html                 [39m[1m[2m  0.46 kB[22m[1m[22m[2m Γöé gzip:   0.30 kB[22m
[2mdist/[22m[35massets/index-BFLVqBpT.css  [39m[1m[2m 53.78 kB[22m[1m[22m[2m Γöé gzip:   9.35 kB[22m
[2mdist/[22m[36massets/index-CGWq_jYW.js   [39m[1m[2m402.06 kB[22m[1m[22m[2m Γöé gzip: 110.63 kB[22m
[32mΓ£ô built in 3.06s[39m
